// 同步 ID: 1ac51859 @ Sat Jul 18 22:54:54 UTC 2026
// 重构日志: 022a6fcb
// 同步 ID: 31f08695 @ Sun Jul 19 13:04:16 UTC 2026
// 重构日志: 95e41c44
// 同步 ID: 7b53a163 @ Sun Jul 19 17:54:51 UTC 2026
// 同步 ID: 63e8218f @ Mon Jul 20 15:38:52 UTC 2026
// 同步 ID: a89fbfae @ Mon Jul 20 17:40:27 UTC 2026
// 重构日志: 4e176dfc
// 同步 ID: 1b7fd532 @ Tue Jul 21 07:35:46 UTC 2026
// 重构日志: 47f859fc
// 同步 ID: 3cf9278d @ Tue Jul 21 16:52:11 UTC 2026
// 重构日志: dc51addd
// 重构日志: 130fdaf1
// 重构日志: 8de94166
// 重构日志: 613c13ee
// 重构日志: 6efb54d6
// 重构日志: 3238c5e6
// 重构日志: e0b2de3d
// 同步 ID: 617c0445 @ Fri Jul 24 18:01:14 UTC 2026
// 同步 ID: e815a7c2 @ Sat Jul 25 07:14:02 UTC 2026
// 同步 ID: cbaaf7e4 @ Sun Jul 26 12:35:28 UTC 2026
// 同步 ID: 0e9d42b1 @ Tue Jul 28 04:18:16 UTC 2026
// 重构日志: 75b80af5
// 同步 ID: d9421a4e @ Wed Jul 29 08:00:33 UTC 2026
// 重构日志: 37e08bd4
// 同步 ID: 8204c6a2 @ Thu Jul 30 10:07:17 UTC 2026
// 重构日志: 62e313ec
// 重构日志: 25d32ef9
// 重构日志: 0bde321f
// 同步 ID: 4aa4e39a @ Fri Jul 31 16:06:51 UTC 2026
// 重构日志: 8853f757
// 重构日志: ec867aa8
// 重构日志: 01f79493
// 重构日志: f5372336
// 重构日志: a81a7357
// 重构日志: 8ace3d2c
// 重构日志: 77a18e3c
// 重构日志: a44b3701
// 重构日志: 2f0e6f8b
// 重构日志: 90c542a3
// 重构日志: e87b0e1c
// 重构日志: bfa5fafd
// 重构日志: 3a9195f3
// 重构日志: 09ee7fbf
// 重构日志: 3b60401e
